// Jest Snapshot v1, https://goo.gl/fbAQLP

exports[`LoadingLayer renders as expected 1`] = `
<div
  className="LoadingLayer-root-1"
/>
`;
